harness/common.xml
harness/README
harness/jdk.xml
harness/build.xml
installer/build.xml
moduleclusters.html
nbproject/platform.properties
netbeans.zip
testdist.zip
visage.bestpractices/nbproject/project.properties
visage.bindspy/nbproject/project.properties
visage.debug/nbproject/project.properties
visage.debug/src/org/netbeans/modules/visage/debug/SourceForBinaryQueryImpl.java
visage.debug2/nbproject/project.properties
visage.debugger.sdktest/xtest/plugins/base/lib/basic_compiler_targets.xml
visage.debugger.sdktest/xtest/plugins/deprecated/lib/compilation_targets.xml
visage.debugger.sdktest/nbproject/build-impl.xml
visage.debugger.sdktest/nbproject/project.properties
visage.debugger.sdktest/src/debugger/framework/DebugServiceDriverSE.java
visage.debugger.sdktest/build.xml
visage.editor/nbproject/project.properties
visage.editor/src/org/netbeans/api/visage/editor/FXSourceUtils.java
visage.editor/src/org/netbeans/api/visage/editor/ElementJavadoc.java
visage.editor/src/org/netbeans/api/visage/editor/ElementOpen.java
visage.editor/src/org/netbeans/modules/visage/editor/GoToSupport.java
visage.editor/src/org/netbeans/modules/visage/editor/semantic/Utilities.java
visage.editor/src/org/netbeans/modules/visage/editor/preview/VisagePreviewTopComponent.java
visage.editor/src/org/netbeans/modules/visage/editor/completion/LazyTypeCompletionItem.java
visage.editor/src/org/netbeans/modules/visage/editor/completion/VisageCompletionEnvironment.java
visage.editor/src/org/netbeans/modules/visage/editor/completion/environment/VariableTreeEnvironment.java
visage.editor/src/org/netbeans/modules/visage/editor/completion/environment/SequenceEmptyEnvironment.java
visage.editor/src/org/netbeans/modules/visage/editor/completion/environment/InstantiateEnvironment.java
visage.editor/src/org/netbeans/modules/visage/editor/completion/environment/InstantiateNewEnvironment.java
visage.editor/src/org/netbeans/modules/visage/editor/completion/environment/SequenceExplicitEnvironment.java
visage.editor/src/org/netbeans/modules/visage/editor/format/VSGReformatTask.java
visage.editor/src/org/netbeans/modules/visage/editor/hints/OverrideAllTaskFactory.java
visage.editor/src/org/netbeans/modules/visage/editor/hints/OverrideVisitor.java
visage.editor/src/org/netbeans/modules/visage/editor/hints/AddImportTaskFactory.java
visage.editor/src/org/netbeans/modules/visage/editor/hints/HintsUtils.java
visage.editor/src/org/netbeans/modules/visage/editor/hints/UncaughtExceptionsFix.java
visage.editor/src/org/netbeans/modules/visage/editor/hints/CreateElementTaskFactory.java
visage.editor/src/org/netbeans/modules/visage/editor/hints/UncaughtExceptionsTaskFactory.java
visage.editor/src/org/netbeans/modules/visage/editor/hints/HintsModel.java
visage.editor/src/org/netbeans/modules/visage/editor/hints/MarkOverriddenTaskFactory.java
visage.editor/src/org/netbeans/modules/visage/editor/hints/UncaughtExceptionsVisitor.java
visage.editor/test/unit/data/goldenfiles/org/netbeans/modules/visage/editor/completion/JavaFXCompletionProviderTest/iz156041.pass
visage.editor/test/unit/data/goldenfiles/org/netbeans/modules/visage/editor/completion/JavaFXCompletionProviderTest/iz165928B.pass
visage.editor/test/unit/data/goldenfiles/org/netbeans/modules/visage/editor/completion/JavaFXCompletionProviderTest/iz150039.pass
visage.editor/test/unit/data/goldenfiles/org/netbeans/modules/visage/editor/completion/JavaFXCompletionProviderTest/iz173838.pass
visage.editor/test/unit/data/goldenfiles/org/netbeans/modules/visage/editor/completion/JavaFXCompletionProviderTest/packages.pass
visage.editor/test/unit/data/goldenfiles/org/netbeans/modules/visage/editor/completion/JavaFXCompletionProviderTest/iz172046.pass
visage.editor/test/unit/data/goldenfiles/org/netbeans/modules/visage/editor/completion/JavaFXCompletionProviderTest/iz165374.pass
visage.editor/test/qa-functional/data/fx-prj-3/nbproject/build-impl.xml
visage.editor/test/qa-functional/data/fx-prj-3/nbproject/project.properties
visage.editor/test/qa-functional/data/fx-prj-3/build.xml
visage.editor/test/qa-functional/data/fx-prj-2/nbproject/build-impl.xml
visage.editor/test/qa-functional/data/fx-prj-2/nbproject/project.properties
visage.editor/test/qa-functional/data/fx-prj-2/build.xml
visage.editor/test/qa-functional/data/goldenfiles/org/netbeans/test/visage/editor/completion/ApplicationCCTests/jdk15-testFXApplication02.pass
visage.editor/test/qa-functional/data/goldenfiles/org/netbeans/test/visage/editor/completion/DeclarationCCTests/jdk15-testFXTopLvlVar1.pass
visage.editor/test/qa-functional/data/goldenfiles/org/netbeans/test/visage/editor/completion/ClassCCTests/jdk15-testFXClassVar2.pass
visage.editor/test/qa-functional/data/goldenfiles/org/netbeans/test/visage/editor/completion/ImportCCTests/jdk16-testFXImport.pass
visage.editor/test/qa-functional/data/goldenfiles/org/netbeans/test/visage/editor/completion/ImportCCTests/jdk15-testFXImport.pass
visage.editor/test/qa-functional/data/fx-prj-1/nbproject/build-impl.xml
visage.editor/test/qa-functional/data/fx-prj-1/nbproject/project.properties
visage.editor/test/qa-functional/data/fx-prj-1/build.xml
visage.editor/build.xml
visage.fxd/nbproject/project.properties
visage.kit/javahelp/org/netbeans/modules/visage/kit/docs/project/csh/proj_javafx_props_compiling.html
visage.kit/nbproject/project.properties
visage.lexer/v3.g
visage.lexer/nbproject/project.properties
visage.lexer/src/org/netbeans/lib/visage/lexer/AbstractGeneratedLexerV4.java
visage.lexer/src/org/netbeans/lib/visage/lexer/Lexer.java
visage.lexer/src/org/netbeans/lib/visage/lexer/v3.g
visage.lexer/src/org/netbeans/lib/visage/lexer/v4Lexer.java
visage.lexer/src/org/netbeans/lib/visage/lexer/v4Lexer.g
visage.lexer/v4Lexer.g
visage.navigation/nbproject/project.properties
visage.navigation/src/org/netbeans/modules/visage/navigation/SpaceMagicUtils.java
visage.navigation/src/org/netbeans/modules/visage/navigation/CaretListeningTask.java
visage.navigation/src/org/netbeans/modules/visage/navigation/ElementScanningTask.java
visage.palette/nbproject/project.properties
visage.platform/nbproject/project.xml
visage.platform/nbproject/project.properties
visage.platform/src/org/netbeans/modules/visage/platform/PlatformUiSupport.java
visage.platform/src/org/netbeans/modules/visage/platform/platformdefinition/PlatformConvertor.java
visage.platform/build/classes/org/netbeans/modules/visage/platform/platformdefinition/PlatformConvertor.class
visage.platform/build/classes/org/netbeans/modules/visage/platform/PlatformUiSupport$SourceLevelComboBoxModel.class
visage.platform/manifest.mf
visage.platform/build.xml
visage.profiler/nbproject/project.properties
visage.profiler/src/org/netbeans/modules/visage/profiler/profiler-build-impl.xsl
visage.profiler/src/org/netbeans/modules/visage/profiler/VisageProjectTypeProfiler.java
visage.profiler/src/org/netbeans/modules/visage/profiler/utilities/VisageProjectUtilities.java
visage.project/nbproject/project.xml
visage.project/nbproject/project.properties
visage.project/src/org/netbeans/modules/visage/project/Bundle_de.properties
visage.project/src/org/netbeans/modules/visage/project/Bundle_zh_CN.properties
visage.project/src/org/netbeans/modules/visage/project/VisageProjectGenerator.java
visage.project/src/org/netbeans/modules/visage/project/Bundle_ja.properties
visage.project/src/org/netbeans/modules/visage/project/VisageAntLogger.java
visage.project/src/org/netbeans/modules/visage/project/templates/VisageTargetChooserPanel.java
visage.project/src/org/netbeans/modules/visage/project/Bundle.properties
visage.project/src/org/netbeans/modules/visage/project/classpath/ClassPathProviderImpl.java
visage.project/src/org/netbeans/modules/visage/project/classpath/VisageProjectClassPathExtender.java
visage.project/src/org/netbeans/modules/visage/project/queries/SourceLevelQueryImpl.java
visage.project/src/org/netbeans/modules/visage/project/ui/customizer/VisageProjectProperties.java
visage.project/src/org/netbeans/modules/visage/project/ui/VisageLogicalViewProvider.java
visage.project/src/org/netbeans/modules/visage/project/Bundle_pt_BR.properties
visage.project/src/org/netbeans/modules/visage/project/applet/AppletSupport.java
visage.project/src/org/netbeans/modules/visage/project/resources/javafx-project3.xsd
visage.project/src/org/netbeans/modules/visage/project/resources/build-impl.xsl
visage.project/test/unit/data/fxproject/nbproject/build-impl.xml
visage.project/test/unit/data/fxproject/nbproject/project.properties
visage.project/test/unit/data/fxproject/build.xml
visage.project/test/unit/src/org/netbeans/modules/visage/project/BuildImplTest.java
visage.project/test/unit/src/org/netbeans/modules/visage/project/classpath/VisageProjectClassPathModifierTest.java
visage.project/test/unit/src/org/netbeans/modules/visage/project/ui/customizer/data/project.properties.pass
visage.project/test/unit/src/org/netbeans/modules/visage/project/ui/customizer/data/jnlp-impl.xml.pass
visage.project/test/unit/src/org/netbeans/modules/visage/project/CreateVisageProjectTest.java
visage.refactoring/nbproject/project.properties
visage.refactoring/src/org/netbeans/modules/visage/refactoring/repository/ClassModelFactory.java
visage.refactoring/src/org/netbeans/modules/visage/refactoring/RefactoringSupport.java
visage.refactoring/src/org/netbeans/modules/visage/refactoring/impl/visagec/SourceUtils.java
visage.refactoring/src/org/netbeans/modules/visage/refactoring/impl/scanners/MoveProblemCollector.java
visage.refactoring/src/org/netbeans/modules/visage/refactoring/impl/plugins/CopyRefactoringPlugin.java
visage.refactoring/src/org/netbeans/modules/visage/refactoring/impl/RefactoringActionsProvider.java
visage.runtime/nbproject/platform.properties
visage.runtime/nbproject/project.properties
visage.sdk.lin/nbproject/project.properties
visage.sdk.mac/nbproject/project.properties
visage.sdksamples/nbproject/project.properties
visage.sdk.sol/nbproject/project.properties
visage.sdk.win/nbproject/project.properties
visage.source/nbproject/project.properties
visage.source/src/org/netbeans/api/visage/source/ElementUtilities.java
visage.source/src/org/netbeans/api/visage/source/ElementHandle.java
visage.source/src/org/netbeans/api/visage/source/CompilationInfo.java
visage.source/src/org/netbeans/api/visage/source/VisageParserResult.java
visage.source/src/org/netbeans/api/visage/source/TreeUtilities.java
visage.source/src/org/netbeans/api/visage/source/ClasspathInfo.java
visage.source/src/org/netbeans/modules/visage/source/parsing/VisageParserResultImpl.java
visage.source/src/org/netbeans/modules/visage/source/parsing/VisageParser.java
visage.source/src/org/netbeans/modules/visage/source/tasklist/VisageErrorTaskListProvider.java
visage.source/src/org/netbeans/modules/visage/source/CompilationInfoImpl.java
visage.source/src/org/netbeans/modules/visage/source/classpath/FileObjects.java
visage.source/src/org/netbeans/modules/visage/source/indexing/VisageIndexer.java
visage.source/src/org/netbeans/modules/visage/source/JavadocEnv.java
visage.weather2/nbproject/project.properties
visage.weather2/resources/WeatherFX/nbproject/profiler-build-impl.xml
visage.weather2/resources/WeatherFX/nbproject/build-impl.xml
visage.weather2/resources/WeatherFX/nbproject/project.properties
visage.weather2/resources/WeatherFX/build.xml
